// Jest Snapshot v1, https://goo.gl/fbAQLP

exports[`CreatePoll will match snapshot 1`] = `
Object {
  "asFragment": [Function],
  "baseElement": <body>
    <div>
      <section
        class="form-section d-flex flex-colum justify-content-center"
      >
        <div
          class="form-container create-poll-container text-center"
        >
          <div
            class="form-header"
          >
            <h1>
              Would You Rather
            </h1>
            <span>
              Create Your Own Poll
            </span>
          </div>
          <div
            class="form create-poll-form"
          >
            <form>
              <div
                class="form-group d-flex flex-column"
              >
                <label
                  class="form-control-label"
                  for="option-one"
                >
                  First Option
                </label>
                <input
                  id="option-one"
                  placeholder="Option One"
                  type="text"
                  value=""
                />
              </div>
              <div
                class="form-group d-flex flex-column"
              >
                <label
                  class="form-control-label"
                  for="option-two"
                >
                  Second Option
                </label>
                <input
                  id="option-two"
                  placeholder="Option Two"
                  type="text"
                  value=""
                />
              </div>
              <button
                class="btn btn-submit"
                disabled=""
                type="submit"
              >
                Create Poll
              </button>
            </form>
          </div>
        </div>
      </section>
    </div>
  </body>,
  "container": <div>
    <section
      class="form-section d-flex flex-colum justify-content-center"
    >
      <div
        class="form-container create-poll-container text-center"
      >
        <div
          class="form-header"
        >
          <h1>
            Would You Rather
          </h1>
          <span>
            Create Your Own Poll
          </span>
        </div>
        <div
          class="form create-poll-form"
        >
          <form>
            <div
              class="form-group d-flex flex-column"
            >
              <label
                class="form-control-label"
                for="option-one"
              >
                First Option
              </label>
              <input
                id="option-one"
                placeholder="Option One"
                type="text"
                value=""
              />
            </div>
            <div
              class="form-group d-flex flex-column"
            >
              <label
                class="form-control-label"
                for="option-two"
              >
                Second Option
              </label>
              <input
                id="option-two"
                placeholder="Option Two"
                type="text"
                value=""
              />
            </div>
            <button
              class="btn btn-submit"
              disabled=""
              type="submit"
            >
              Create Poll
            </button>
          </form>
        </div>
      </div>
    </section>
  </div>,
  "debug": [Function],
  "findAllByAltText": [Function],
  "findAllByDisplayValue": [Function],
  "findAllByLabelText": [Function],
  "findAllByPlaceholderText": [Function],
  "findAllByRole": [Function],
  "findAllByTestId": [Function],
  "findAllByText": [Function],
  "findAllByTitle": [Function],
  "findByAltText": [Function],
  "findByDisplayValue": [Function],
  "findByLabelText": [Function],
  "findByPlaceholderText": [Function],
  "findByRole": [Function],
  "findByTestId": [Function],
  "findByText": [Function],
  "findByTitle": [Function],
  "getAllByAltText": [Function],
  "getAllByDisplayValue": [Function],
  "getAllByLabelText": [Function],
  "getAllByPlaceholderText": [Function],
  "getAllByRole": [Function],
  "getAllByTestId": [Function],
  "getAllByText": [Function],
  "getAllByTitle": [Function],
  "getByAltText": [Function],
  "getByDisplayValue": [Function],
  "getByLabelText": [Function],
  "getByPlaceholderText": [Function],
  "getByRole": [Function],
  "getByTestId": [Function],
  "getByText": [Function],
  "getByTitle": [Function],
  "queryAllByAltText": [Function],
  "queryAllByDisplayValue": [Function],
  "queryAllByLabelText": [Function],
  "queryAllByPlaceholderText": [Function],
  "queryAllByRole": [Function],
  "queryAllByTestId": [Function],
  "queryAllByText": [Function],
  "queryAllByTitle": [Function],
  "queryByAltText": [Function],
  "queryByDisplayValue": [Function],
  "queryByLabelText": [Function],
  "queryByPlaceholderText": [Function],
  "queryByRole": [Function],
  "queryByTestId": [Function],
  "queryByText": [Function],
  "queryByTitle": [Function],
  "rerender": [Function],
  "unmount": [Function],
}
`;
